
> quanghuong-web@0.0.0 build
> tsc -b && vite build

[36mvite v7.3.0 [32mbuilding client environment for production...[36m[39m
transforming...
[32mΓ£ô[39m 14 modules transformed.
node.exe : [31mΓ£ù[39m 
Build failed in 600ms
At C:\Program 
Files\nodejs\npm.ps1:29 
char:3
+   & $NODE_EXE 
$NPM_CLI_JS $args
+   ~~~~~~~~~~~~~~~~~~~~~~
~~~~~~~
    + CategoryInfo        
      : NotSpecified: (  
  [31mΓ£ù[39m Build fa   
 iled in 600ms:String)    
 [], RemoteException
    + FullyQualifiedError 
   Id : NativeCommandErr  
  or
 
[31merror during build:
[31m[vite:css] [postcss] 
It looks like you're 
trying to use 
`tailwindcss` directly as 
a PostCSS plugin. The 
PostCSS plugin has moved 
to a separate package, so 
to continue using 
Tailwind CSS with PostCSS 
you'll need to install 
`@tailwindcss/postcss` 
and update your PostCSS 
configuration.[31m
file: [36mD:/Project/Quan
gHuongComputer/frontend/sr
c/index.css:undefined:NaN
[31m
    at lt (D:\Project\Quan
gHuongComputer\frontend\no
de_modules\tailwindcss\dis
t\lib.js:38:1643)
    at 
LazyResult.runOnRoot (D:\P
roject\QuangHuongComputer\
frontend\node_modules\post
css\lib\lazy-result.js:361
:16)
    at 
LazyResult.runAsync (D:\Pr
oject\QuangHuongComputer\f
rontend\node_modules\postc
ss\lib\lazy-result.js:290:
26)
    at LazyResult.async (D
:\Project\QuangHuongComput
er\frontend\node_modules\p
ostcss\lib\lazy-result.js:
192:30)
    at LazyResult.then (D:
\Project\QuangHuongCompute
r\frontend\node_modules\po
stcss\lib\lazy-result.js:4
36:17)[39m
