  Determining projects to restore...
D:\Project\QuangHuongComputer\backend\Services\Catalog\Catalog.csproj : error NU1605: Warning As Error: Detected package downgrade: Microsoft.EntityFrameworkCore from 8.0.2 to 8.0.0. Reference the package directly from the project to select a different version.  [D:\Project\QuangHuongComputer\backend\ComputerCompany.sln]
D:\Project\QuangHuongComputer\backend\Services\Catalog\Catalog.csproj : error NU1605:  Catalog -> BuildingBlocks -> Microsoft.EntityFrameworkCore (>= 8.0.2)  [D:\Project\QuangHuongComputer\backend\ComputerCompany.sln]
D:\Project\QuangHuongComputer\backend\Services\Catalog\Catalog.csproj : error NU1605:  Catalog -> Microsoft.EntityFrameworkCore (>= 8.0.0) [D:\Project\QuangHuongComputer\backend\ComputerCompany.sln]
D:\Project\QuangHuongComputer\backend\Services\Sales\Sales.csproj : error NU1605: Warning As Error: Detected package downgrade: Microsoft.EntityFrameworkCore from 8.0.2 to 8.0.0. Reference the package directly from the project to select a different version.  [D:\Project\QuangHuongComputer\backend\ComputerCompany.sln]
D:\Project\QuangHuongComputer\backend\Services\Sales\Sales.csproj : error NU1605:  Sales -> BuildingBlocks -> Microsoft.EntityFrameworkCore (>= 8.0.2)  [D:\Project\QuangHuongComputer\backend\ComputerCompany.sln]
D:\Project\QuangHuongComputer\backend\Services\Sales\Sales.csproj : error NU1605:  Sales -> Microsoft.EntityFrameworkCore (>= 8.0.0) [D:\Project\QuangHuongComputer\backend\ComputerCompany.sln]
  Restored D:\Project\QuangHuongComputer\backend\Services\Inventory\Inventory.csproj (in 258 ms).
  Restored D:\Project\QuangHuongComputer\backend\BuildingBlocks\BuildingBlocks.csproj (in 258 ms).
  Restored D:\Project\QuangHuongComputer\backend\Services\Identity\Identity.csproj (in 258 ms).
  Restored D:\Project\QuangHuongComputer\backend\Services\Accounting\Accounting.csproj (in 258 ms).
  Restored D:\Project\QuangHuongComputer\backend\Services\Repair\Repair.csproj (in 258 ms).
  Restored D:\Project\QuangHuongComputer\backend\ApiGateway\ApiGateway.csproj (in 258 ms).
D:\Project\QuangHuongComputer\backend\Services\Sales.Tests\Sales.Tests.csproj : error NU1605: Warning As Error: Detected package downgrade: Microsoft.EntityFrameworkCore from 8.0.2 to 8.0.0. Reference the package directly from the project to select a different version.  [D:\Project\QuangHuongComputer\backend\ComputerCompany.sln]
D:\Project\QuangHuongComputer\backend\Services\Sales.Tests\Sales.Tests.csproj : error NU1605:  Sales.Tests -> Sales -> BuildingBlocks -> Microsoft.EntityFrameworkCore (>= 8.0.2)  [D:\Project\QuangHuongComputer\backend\ComputerCompany.sln]
D:\Project\QuangHuongComputer\backend\Services\Sales.Tests\Sales.Tests.csproj : error NU1605:  Sales.Tests -> Sales -> Microsoft.EntityFrameworkCore (>= 8.0.0) [D:\Project\QuangHuongComputer\backend\ComputerCompany.sln]
  Restored D:\Project\QuangHuongComputer\backend\Services\Inventory.Tests\Inventory.Tests.csproj (in 296 ms).
  Failed to restore D:\Project\QuangHuongComputer\backend\Services\Sales\Sales.csproj (in 268 ms).
  Failed to restore D:\Project\QuangHuongComputer\backend\Services\Catalog\Catalog.csproj (in 258 ms).
  Failed to restore D:\Project\QuangHuongComputer\backend\Services\Sales.Tests\Sales.Tests.csproj (in 297 ms).

Build FAILED.

D:\Project\QuangHuongComputer\backend\Services\Catalog\Catalog.csproj : error NU1605: Warning As Error: Detected package downgrade: Microsoft.EntityFrameworkCore from 8.0.2 to 8.0.0. Reference the package directly from the project to select a different version.  [D:\Project\QuangHuongComputer\backend\ComputerCompany.sln]
D:\Project\QuangHuongComputer\backend\Services\Catalog\Catalog.csproj : error NU1605:  Catalog -> BuildingBlocks -> Microsoft.EntityFrameworkCore (>= 8.0.2)  [D:\Project\QuangHuongComputer\backend\ComputerCompany.sln]
D:\Project\QuangHuongComputer\backend\Services\Catalog\Catalog.csproj : error NU1605:  Catalog -> Microsoft.EntityFrameworkCore (>= 8.0.0) [D:\Project\QuangHuongComputer\backend\ComputerCompany.sln]
D:\Project\QuangHuongComputer\backend\Services\Sales\Sales.csproj : error NU1605: Warning As Error: Detected package downgrade: Microsoft.EntityFrameworkCore from 8.0.2 to 8.0.0. Reference the package directly from the project to select a different version.  [D:\Project\QuangHuongComputer\backend\ComputerCompany.sln]
D:\Project\QuangHuongComputer\backend\Services\Sales\Sales.csproj : error NU1605:  Sales -> BuildingBlocks -> Microsoft.EntityFrameworkCore (>= 8.0.2)  [D:\Project\QuangHuongComputer\backend\ComputerCompany.sln]
D:\Project\QuangHuongComputer\backend\Services\Sales\Sales.csproj : error NU1605:  Sales -> Microsoft.EntityFrameworkCore (>= 8.0.0) [D:\Project\QuangHuongComputer\backend\ComputerCompany.sln]
D:\Project\QuangHuongComputer\backend\Services\Sales.Tests\Sales.Tests.csproj : error NU1605: Warning As Error: Detected package downgrade: Microsoft.EntityFrameworkCore from 8.0.2 to 8.0.0. Reference the package directly from the project to select a different version.  [D:\Project\QuangHuongComputer\backend\ComputerCompany.sln]
D:\Project\QuangHuongComputer\backend\Services\Sales.Tests\Sales.Tests.csproj : error NU1605:  Sales.Tests -> Sales -> BuildingBlocks -> Microsoft.EntityFrameworkCore (>= 8.0.2)  [D:\Project\QuangHuongComputer\backend\ComputerCompany.sln]
D:\Project\QuangHuongComputer\backend\Services\Sales.Tests\Sales.Tests.csproj : error NU1605:  Sales.Tests -> Sales -> Microsoft.EntityFrameworkCore (>= 8.0.0) [D:\Project\QuangHuongComputer\backend\ComputerCompany.sln]
    0 Warning(s)
    3 Error(s)

Time Elapsed 00:00:00.85
